// Jest Snapshot v1, https://goo.gl/fbAQLP

exports[`schema details snapshot testing 1`] = `
Object {
  "Parameters": Object {
    "AssetParameters4ad1d5d9ab5f7ac8cb53ae8d902a7acd21da69feaf50dd64c048e1e47595e934ArtifactHash19F059A9": Object {
      "Description": "Artifact hash for asset \\"4ad1d5d9ab5f7ac8cb53ae8d902a7acd21da69feaf50dd64c048e1e47595e934\\"",
      "Type": "String",
    },
    "AssetParameters4ad1d5d9ab5f7ac8cb53ae8d902a7acd21da69feaf50dd64c048e1e47595e934S3Bucket8C52100B": Object {
      "Description": "S3 bucket for asset \\"4ad1d5d9ab5f7ac8cb53ae8d902a7acd21da69feaf50dd64c048e1e47595e934\\"",
      "Type": "String",
    },
    "AssetParameters4ad1d5d9ab5f7ac8cb53ae8d902a7acd21da69feaf50dd64c048e1e47595e934S3VersionKey6516E149": Object {
      "Description": "S3 key for asset version \\"4ad1d5d9ab5f7ac8cb53ae8d902a7acd21da69feaf50dd64c048e1e47595e934\\"",
      "Type": "String",
    },
    "AssetParametersfeabbc337a96b46009540d8867d0c792d1dff66105458beebd26e198ffb6df94ArtifactHash53EFD3B5": Object {
      "Description": "Artifact hash for asset \\"feabbc337a96b46009540d8867d0c792d1dff66105458beebd26e198ffb6df94\\"",
      "Type": "String",
    },
    "AssetParametersfeabbc337a96b46009540d8867d0c792d1dff66105458beebd26e198ffb6df94S3BucketEE3486AB": Object {
      "Description": "S3 bucket for asset \\"feabbc337a96b46009540d8867d0c792d1dff66105458beebd26e198ffb6df94\\"",
      "Type": "String",
    },
    "AssetParametersfeabbc337a96b46009540d8867d0c792d1dff66105458beebd26e198ffb6df94S3VersionKey4C48AF58": Object {
      "Description": "S3 key for asset version \\"feabbc337a96b46009540d8867d0c792d1dff66105458beebd26e198ffb6df94\\"",
      "Type": "String",
    },
  },
  "Resources": Object {
    "TableA3D7B5AFA": Object {
      "DeletionPolicy": "Retain",
      "Properties": Object {
        "AttributeDefinitions": Array [
          Object {
            "AttributeName": "hashKey",
            "AttributeType": "S",
          },
        ],
        "KeySchema": Array [
          Object {
            "AttributeName": "hashKey",
            "KeyType": "HASH",
          },
        ],
        "ProvisionedThroughput": Object {
          "ReadCapacityUnits": 5,
          "WriteCapacityUnits": 5,
        },
        "TableName": "MyTable",
      },
      "Type": "AWS::DynamoDB::Table",
      "UpdateReplacePolicy": "Retain",
    },
    "TableAGSI1E61F049C": Object {
      "DeletionPolicy": "Delete",
      "Properties": Object {
        "AttributeDefinitions": Array [
          Object {
            "AttributeName": "gsi1",
            "AttributeType": "S",
          },
        ],
        "IndexName": "GSI1",
        "KeySchema": Array [
          Object {
            "AttributeName": "gsi1",
            "KeyType": "HASH",
          },
        ],
        "Projection": Object {
          "ProjectionType": "ALL",
        },
        "TableName": Object {
          "Ref": "TableA3D7B5AFA",
        },
      },
      "Type": "Custom::DynamoDBGlobalSecondaryIndex",
      "UpdateReplacePolicy": "Delete",
    },
    "TableAGSI2FC6BB446": Object {
      "DeletionPolicy": "Delete",
      "DependsOn": Array [
        "TableAGSI1E61F049C",
      ],
      "Properties": Object {
        "AttributeDefinitions": Array [
          Object {
            "AttributeName": "gsi1",
            "AttributeType": "S",
          },
          Object {
            "AttributeName": "gsi2",
            "AttributeType": "S",
          },
        ],
        "IndexName": "GSI2",
        "KeySchema": Array [
          Object {
            "AttributeName": "gsi2",
            "KeyType": "HASH",
          },
        ],
        "Projection": Object {
          "ProjectionType": "ALL",
        },
        "TableName": Object {
          "Ref": "TableA3D7B5AFA",
        },
      },
      "Type": "Custom::DynamoDBGlobalSecondaryIndex",
      "UpdateReplacePolicy": "Delete",
    },
    "awscdkawsdynamodbGSIsUpdateProviderNestedStackawscdkawsdynamodbGSIsUpdateProviderNestedStackResource9FE702CB": Object {
      "DeletionPolicy": "Delete",
      "Properties": Object {
        "Parameters": Object {
          "referencetoAssetParameters4ad1d5d9ab5f7ac8cb53ae8d902a7acd21da69feaf50dd64c048e1e47595e934S3Bucket8C52100BRef": Object {
            "Ref": "AssetParameters4ad1d5d9ab5f7ac8cb53ae8d902a7acd21da69feaf50dd64c048e1e47595e934S3Bucket8C52100B",
          },
          "referencetoAssetParameters4ad1d5d9ab5f7ac8cb53ae8d902a7acd21da69feaf50dd64c048e1e47595e934S3VersionKey6516E149Ref": Object {
            "Ref": "AssetParameters4ad1d5d9ab5f7ac8cb53ae8d902a7acd21da69feaf50dd64c048e1e47595e934S3VersionKey6516E149",
          },
        },
        "TemplateURL": Object {
          "Fn::Join": Array [
            "",
            Array [
              "https://s3.",
              Object {
                "Ref": "AWS::Region",
              },
              ".",
              Object {
                "Ref": "AWS::URLSuffix",
              },
              "/",
              Object {
                "Ref": "AssetParametersfeabbc337a96b46009540d8867d0c792d1dff66105458beebd26e198ffb6df94S3BucketEE3486AB",
              },
              "/",
              Object {
                "Fn::Select": Array [
                  0,
                  Object {
                    "Fn::Split": Array [
                      "||",
                      Object {
                        "Ref": "AssetParametersfeabbc337a96b46009540d8867d0c792d1dff66105458beebd26e198ffb6df94S3VersionKey4C48AF58",
                      },
                    ],
                  },
                ],
              },
              Object {
                "Fn::Select": Array [
                  1,
                  Object {
                    "Fn::Split": Array [
                      "||",
                      Object {
                        "Ref": "AssetParametersfeabbc337a96b46009540d8867d0c792d1dff66105458beebd26e198ffb6df94S3VersionKey4C48AF58",
                      },
                    ],
                  },
                ],
              },
            ],
          ],
        },
      },
      "Type": "AWS::CloudFormation::Stack",
      "UpdateReplacePolicy": "Delete",
    },
  },
}
`;
